------------------------------------------------------------
Timing Analyzer Summary
------------------------------------------------------------

Type  : Slow 1100mV 85C Model Setup 'CLK'
Slack : -1.664
TNS   : -25.787

Type  : Slow 1100mV 85C Model Hold 'CLK'
Slack : 0.548
TNS   : 0.000

Type  : Slow 1100mV 85C Model Minimum Pulse Width 'CLK'
Slack : -0.724
TNS   : -22.214

Type  : Slow 1100mV 0C Model Setup 'CLK'
Slack : -1.676
TNS   : -25.534

Type  : Slow 1100mV 0C Model Hold 'CLK'
Slack : 0.530
TNS   : 0.000

Type  : Slow 1100mV 0C Model Minimum Pulse Width 'CLK'
Slack : -0.724
TNS   : -22.204

Type  : Fast 1100mV 85C Model Setup 'CLK'
Slack : -0.187
TNS   : -0.347

Type  : Fast 1100mV 85C Model Hold 'CLK'
Slack : 0.182
TNS   : 0.000

Type  : Fast 1100mV 85C Model Minimum Pulse Width 'CLK'
Slack : -0.088
TNS   : -1.711

Type  : Fast 1100mV 0C Model Setup 'CLK'
Slack : -0.083
TNS   : -0.083

Type  : Fast 1100mV 0C Model Hold 'CLK'
Slack : 0.171
TNS   : 0.000

Type  : Fast 1100mV 0C Model Minimum Pulse Width 'CLK'
Slack : -0.087
TNS   : -1.712

------------------------------------------------------------
